operator_view_snapshot.v1 panoview
source=guarded_micro_tape_read rebuild=turing status --micro-bundle /home/zephryj/turingos_backup/work/turing-operator-hci-console/evidence/bench/mini_swe_bench_stage2_3task_20260627/turingos/instances/django__django-11790/micro_tape.bundle can_write_truth=false
heads:
  tape_tip=mu:b07d1ede984170011c648d91a6a327b892c3b0bd34eb717321dfe6642bd40c45
  authorization_head=null
  accepted_head=mu:344937f916226ed32a38cbe9866a28f06e5a89d560ec3efa668a1b0ae005ebe2
lanes:
  tape_tip=mu:b07d1ede984170011c648d91a6a327b892c3b0bd34eb717321dfe6642bd40c45 meaning=latest MicroTape append; every event moves this head
  authorization_head=null meaning=latest authorization event; permission, not completion
  accepted_head=mu:344937f916226ed32a38cbe9866a28f06e5a89d560ec3efa668a1b0ae005ebe2 meaning=latest sovereign accept event from replay-derived head movement
evidence:
  - heads read through guarded MicroTape/replay path
  - renderer may format snapshot but may not derive new truth
failures:
  - none in snapshot
warnings:
  - NO_HITL_STATUS_CEILING severity=warning message=local no-HITL gates can report IMPLEMENTER_ADDRESSED only; no human ratification
safe commands:
  VIEW_STATUS approval_required=false side_effect_class=read_only writes_truth=false confirmation_route=none
  VIEW_PANOVIEW approval_required=false side_effect_class=read_only writes_truth=false confirmation_route=none
  EXPLAIN_EVENT approval_required=false side_effect_class=read_only writes_truth=false confirmation_route=none
  EXPLAIN_BLOCKER approval_required=false side_effect_class=read_only writes_truth=false confirmation_route=none
  REPLAY_VERIFY approval_required=false side_effect_class=read_only writes_truth=false confirmation_route=none
  AUDIT_INVARIANTS approval_required=false side_effect_class=read_only writes_truth=false confirmation_route=none
  PROPOSE_INTENT approval_required=false side_effect_class=proposal_only writes_truth=false confirmation_route=none
  PROPOSE_GOAL approval_required=false side_effect_class=proposal_only writes_truth=false confirmation_route=none
  PROPOSE_CAPSULE approval_required=false side_effect_class=proposal_only writes_truth=false confirmation_route=none
  APPROVE_CAPSULE approval_required=true side_effect_class=sovereign_mutation writes_truth=false confirmation_route=human_signature_required
  DISPATCH_WORKER approval_required=true side_effect_class=worker_dispatch writes_truth=false confirmation_route=approval_required
  OBSERVE_CAPSULE approval_required=false side_effect_class=observation writes_truth=false confirmation_route=none
  REJECT_CANDIDATE approval_required=true side_effect_class=authorization writes_truth=false confirmation_route=approval_required
  REQUEST_MACRO_AUTH approval_required=true side_effect_class=authorization writes_truth=false confirmation_route=human_signature_required
  APPROVE_CANDIDATE approval_required=true side_effect_class=sovereign_mutation writes_truth=false confirmation_route=human_signature_required
  HELP approval_required=false side_effect_class=read_only writes_truth=false confirmation_route=none
